*** Using Compiler 'V5.06 update 7 (build 960)', folder: 'D:\KeilMDK\Keil_v5\ARM\arm5_compiler\Bin'
Build target 'Target 1'
compiling stm32f10x_it.c...
compiling main.c...
compiling system_stm32f10x.c...
compiling stm32f10x_tim.c...
compiling stm32f10x_usart.c...
assembling startup_stm32f10x_hd.s...
compiling stm32f10x_gpio.c...
compiling stm32f10x_rcc.c...
compiling LED.C...
compiling core_cm3.c...
compiling misc.c...
compiling systick.c...
compiling beepkey.c...
compiling dsgshow.c...
compiling BSP_DS18B20.c...
compiling BSP_Delay.c...
compiling BSP_DebugUART.c...
compiling BSP_Buzzer.c...
compiling BSP_Timer.c...
compiling OLED.C...
compiling BSP_UART.c...
compiling croutine.c...
compiling event_groups.c...
compiling list.c...
compiling queue.c...
compiling timers.c...
compiling tasks.c...
compiling heap_4.c...
compiling UserTask.c...
compiling port.c...
linking...
Program Size: Code=24858 RO-data=1858 RW-data=3148 ZI-data=34844  
FromELF: creating hex file...
".\output\DS18B20.axf" - 0 Error(s), 0 Warning(s).
Build Time Elapsed:  00:00:11
