*** Using Compiler 'V5.06 update 7 (build 960)', folder: 'D:\KeilMDK\Keil_v5\ARM\arm5_compiler\Bin'
Rebuild target 'Target 1'
Note: source file '.\FreeRTOS\queue.c' - object file renamed from '.\output\queue.o' to '.\output\queue_1.o'.compiling main.c...
compiling stm32f10x_tim.c...
compiling stm32f10x_it.c...
compiling stm32f10x_usart.c...
compiling stm32f10x_dma.c...
compiling stm32f10x_gpio.c...
compiling stm32f10x_rcc.c...
assembling startup_stm32f10x_hd.s...
compiling system_stm32f10x.c...
compiling misc.c...
compiling LED.C...
compiling systick.c...
compiling dsgshow.c...
compiling beepkey.c...
compiling core_cm3.c...
compiling OLED.C...
compiling Queue.c...
compiling BSP_Delay.c...
compiling BSP_DS18B20.c...
compiling BSP_DebugUART.c...
compiling BSP_Buzzer.c...
compiling BSP_DigitalTube.c...
compiling BSP_Timer.c...
compiling BSP_UART.c...
compiling BSP_ESP8266.c...
BSP\BSP_ESP8266.c(9): warning:  #177-D: variable "LONG_CLIENT_ID"  was declared but never referenced
  static char LONG_CLIENT_ID[32]= {0};
BSP\BSP_ESP8266.c(12): warning:  #550-D: variable "esp_error_t"  was set but never used
  static ESP_ERROR_T esp_error_t={0,0,0,0};
BSP\BSP_ESP8266.c: 2 warnings, 0 errors
compiling croutine.c...
compiling list.c...
compiling event_groups.c...
compiling queue.c...
compiling timers.c...
compiling heap_4.c...
compiling tasks.c...
compiling UserTask.c...
UserTask\UserTask.c(12): warning:  #177-D: variable "LONG_CLIENT_ID"  was declared but never referenced
  static char LONG_CLIENT_ID[32] = {0};
UserTask\UserTask.c: 1 warning, 0 errors
compiling port.c...
linking...
Program Size: Code=33050 RO-data=2034 RW-data=1664 ZI-data=36704  
FromELF: creating hex file...
".\output\project.axf" - 0 Error(s), 3 Warning(s).
Build Time Elapsed:  00:00:07
