*** Using Compiler 'V5.06 update 7 (build 960)', folder: 'D:\KeilMDK\Keil_v5\ARM\arm5_compiler\Bin'
Rebuild target 'LED_MQTT'
compiling stm32f10x_usart.c...
compiling system_stm32f10x.c...
compiling stm32f10x_dma.c...
compiling stm32f10x_spi.c...
compiling stm32f10x_gpio.c...
compiling stm32f10x_flash.c...
compiling stm32f10x_tim.c...
compiling stm32f10x_rcc.c...
compiling stm32f10x_exti.c...
compiling misc.c...
compiling core_cm3.c...
assembling startup_stm32f10x_hd.s...
compiling croutine.c...
compiling event_groups.c...
compiling list.c...
compiling queue.c...
compiling timers.c...
compiling tasks.c...
compiling heap_4.c...
compiling bsp_printf.c...
compiling bsp.c...
compiling bsp_key_exti.c...
compiling bsp_led.c...
compiling bsp_gpio.c...
compiling bsp_dwt.c...
compiling delay.c...
compiling bsp_usart1.c...
compiling BSP_Delay.c...
compiling port.c...
compiling BSP_LEDBuzzer.c...
compiling BSP_Smoke.c...
compiling BSP_DS18B20.c...
compiling BSP_DigitalTube.c...
compiling BSP_Timer.c...
compiling BSP_OLED.c...
compiling BSP_USART3.c...
compiling MQTTConnectClient.c...
compiling MQTTConnectServer.c...
compiling esp8266_init.c...
compiling BSP_Tracking.c...
compiling MQTTDeserializePublish.c...
compiling esp8266_handler.c...
compiling MQTTFormat.c...
compiling MQTTPacket.c...
compiling MQTTSerializePublish.c...
compiling MQTTSubscribeClient.c...
compiling MQTTSubscribeServer.c...
compiling MQTTUnsubscribeClient.c...
compiling MQTTUnsubscribeServer.c...
compiling cJSON.c...
..\Source\cJSON\cJSON.c(55): warning:  #1293-D: assignment in condition
        if (!(copy = (char*)cJSON_malloc(len))) return 0;
..\Source\cJSON\cJSON.c(278): warning:  #1293-D: assignment in condition
  	ptr=str;while ((token=*ptr) && ++len) {if (strchr("\"\\\b\f\n\r\t",token)) len++; else if (token<32) len+=5;ptr++;}
..\Source\cJSON\cJSON.c(352): warning:  #111-D: statement is unreachable
  	return p.buffer;
..\Source\cJSON\cJSON.c(423): warning:  #1293-D: assignment in condition
  		if (!(new_item=cJSON_New_Item())) return 0; 	/* memory fail */
..\Source\cJSON\cJSON.c(535): warning:  #1293-D: assignment in condition
  		if (!(new_item=cJSON_New_Item()))	return 0; /* memory fail */
..\Source\cJSON\cJSON.c: 5 warnings, 0 errors
compiling transport.c...
..\Source\MQTTPacket\samples\transport.c(92): warning:  #223-D: function "transport_close" declared implicitly
          transport_close(0);
..\Source\MQTTPacket\samples\transport.c: 1 warning, 0 errors
compiling pub0sub1.c...
compiling main.c...
compiling data_handler.c...
compiling stm32f10x_it.c...
..\Source\stm32f10x_it.c(236): warning:  #177-D: variable "len"  was declared but never referenced
      uint32_t len;
..\Source\stm32f10x_it.c: 1 warning, 0 errors
linking...
Program Size: Code=36252 RO-data=2388 RW-data=5612 ZI-data=37636  
FromELF: creating hex file...
".\Objects\Smarthome.axf" - 0 Error(s), 7 Warning(s).
Build Time Elapsed:  00:00:12
