*** Using Compiler 'V5.06 update 7 (build 960)', folder: 'D:\KeilMDK\Keil_v5\ARM\arm5_compiler\Bin'
Rebuild target 'Target 1'
compiling main.c...
assembling startup_stm32f10x_hd.s...
compiling LED.C...
compiling stm32f10x_usart.c...
compiling system_stm32f10x.c...
compiling stm32f10x_rcc.c...
compiling stm32f10x_tim.c...
compiling stm32f10x_gpio.c...
compiling stm32f10x_it.c...
compiling misc.c...
compiling systick.c...
compiling beepkey.c...
compiling dsgshow.c...
compiling core_cm3.c...
compiling OLED.C...
compiling Queue.c...
compiling BSP_DS18B20.c...
compiling BSP_Delay.c...
compiling BSP_DebugUART.c...
compiling BSP_Buzzer.c...
compiling BSP_DigitalTube.c...
compiling BSP_Timer.c...
compiling BSP_UART.c...
compiling BSP_ESP8266.c...
linking...
Program Size: Code=18554 RO-data=2034 RW-data=1516 ZI-data=3692  
FromELF: creating hex file...
".\output\project.axf" - 0 Error(s), 0 Warning(s).
Build Time Elapsed:  00:00:07
